// Jest Snapshot v1, https://goo.gl/fbAQLP

exports[`activity list header test should render activity list header snapshot 1`] = `
<Text
  style={
    Object {
      "color": "#000",
      "fontSize": 22,
    }
  }
>
  Close
</Text>
`;
